// Vitest Snapshot v1, https://vitest.dev/guide/snapshot.html

exports[`call > snapshot 1`] = `
"f()

f(0)

f(0, 1)

f(@() {
  //
})

f(0, 1, @() {
  //
})

f(
  super_ultra_hyper_mega_miracle_ultimate_extremely_very_long_argument_expression,
  @() {
    //
  }
)

f({ en: ["foo", "bar", "baz", "qux"], ja: ["hoge", "fuga", "piyo"] }, @(a) {
  a
})

f(@(array) {
  each (let element, array) {
    <: \`type = {Core:type(element)}, value = {element}\`
  }
})

f(
  {
    hoge: 1,
  },
  last_argument
)
"
`;

exports[`literals > snapshot 1`] = `
"null

true
false

42
6.28

"Hello AiScript!"
'"'

\`Hello {name}!\`
\`\\\`\\{\`
"
`;

exports[`toplevel > snapshot 1`] = `
"### {}

### {
  hoge: 0,
}

###  hoge{}

:: Empty {}

:: A {
  let hoge = 0

  :: B {
    let fuga = 2
    let piyo = 3
  }

  :: C { let foo = -1 }
}
"
`;
